
	== MonoDevelop.Ide ==
	ProjectTemplates,
	FileTemplates,
	StartupHandlers,
	FileTemplateTypes,
	DisplayBindings,
	MainMenu,
	Pads,
	ToolBar,
	Contexts,
	FileFilter,
	DefaultDirectoryNode,
	ReferenceFolderNode,
	SystemFileNode,
	ReferenceNode,
	ProjectFileNode,
	ResourceFolderNode,
	CombineBrowserNode,
	ProjectBrowserNode,
	OptionsDialog,
	Commands,
	
	== MonoDevelop.Projects.Gui ==
	ConfigurationProperties,
	GeneralOptions,
	ConfigurationProperties,
	GeneralOptions,
	
	== MonoDevelop.Projects ==
	ProjectBindings,
	SerializableClasses,
	BuildPipeline,
	Ambiences,
	ExtendedProperties,
	ProjectFileFormats,
	
	== MonoDevelop.Core.Gui ==
	StockIcons,
	
	== MonoDevelop.Core ==
	ExecutionHandlers,
	Applications,
	Services,
	