
attribset_attribset15
attribset_attribset42
attribset_attribset45

copy_copy27

expression_expression02

idkey_idkey08
idkey_idkey18
idkey_idkey43
idkey_idkey49
idkey_idkey50
idkey_idkey57

impincl_impincl08

match_match14
match_match19
match_match22
match_match26

mdocs_mdocs01
mdocs_mdocs02
mdocs_mdocs03
mdocs_mdocs04
mdocs_mdocs05
mdocs_mdocs06
mdocs_mdocs07
mdocs_mdocs08
mdocs_mdocs09
mdocs_mdocs10
mdocs_mdocs11
mdocs_mdocs12
mdocs_mdocs13
mdocs_mdocs14
mdocs_mdocs15
mdocs_mdocs16
mdocs_mdocs17
mdocs_mdocs18

namespace_namespace20

Output__84432
Output__84433

output_output03
output_output06
output_output08
output_output28
output_output29
output_output30
output_output41
output_output42
output_output43
output_output46
output_output61
output_output62
output_output74
output_output75
output_output81
output_output87
output_output88
output_output91
output_output92
output_output93
output_output94
output_output95
output_output96
output_output97
output_output98
output_output101
output_output102
output_output103
output_output104
output_output105
output_output106
output_output107

reluri_reluri09
reluri_reluri10
reluri_reluri11

select_select67
select_select68

variable_variable24

whitespace_whitespace35

Text__78273
Text__78274
Text__78275
Text__78276
Text__78281
Text__78308
Text__78311
Text_modified78308
Text_modified78309
Text_modified78311
Text_DoeWithCdataInText

XSLTFunctions__84049
XSLTFunctions__84050
XSLTFunctions_Bug76054
XSLTFunctions_Bug76984
XSLTFunctions_BooleanFunction
XSLTFunctions_DocumentFuncWithEmptyArg
XSLTFunctions_DocumentInUnion
XSLTFunctions_DocumentInUnionWithDuplicateNodes
XSLTFunctions_DocumentFunctionNoArg
XSLTFunctions_ElementAvailFunctionTrueTest
XSLTFunctions_specialCharInPattern

Keys_PerfRepro2
Keys_PerfRepro3
