Fallback__91818
Fallback__91819
Fallback__91823
ForwardComp__91849
ForwardComp__91853
Keys__91836
Keys__91859
Number__84715
attribset_attribset42
conflictres_conflictres34
copy_copy27
copy_copy55
idkey_idkey49
idkey_idkey57
match_match19
match_match22
match_match26
mdocs_mdocs01
mdocs_mdocs03
mdocs_mdocs04
mdocs_mdocs05
mdocs_mdocs06
mdocs_mdocs07
mdocs_mdocs08
mdocs_mdocs09
mdocs_mdocs10
mdocs_mdocs11
mdocs_mdocs14
mdocs_mdocs15
mdocs_mdocs17
mdocs_mdocs18
namespace_namespace20
numberformat_numberformat17
numberformat_numberformat34
numbering_numbering10
numbering_numbering17
numbering_numbering79
numbering_numbering85
output_output01
output_output02
output_output09
output_output38
output_output40
output_output49
output_output52
output_output58
output_output63
output_output73
output_output74
reluri_reluri09
reluri_reluri10
select_select67
select_select68
select_select74
sort_sort27
sort_sort28
string_string130
variable_variable24
whitespace_whitespace35
Attributes__78386
Attributes_xsl_attribute_dup_attr_with_namespace_conflict
AttributeSets__91081
AttributeSets__91083
AttributeSets__91098
AVTs__77531
AVTs__77564
AVTs__77599
BVTs_bvt005
BVTs_bvt008
BVTs_bvt018
BVTs_bvt019
BVTs_bvt027
BVTs_bvt047
BVTs_bvt054
BVTs_bvt055
BVTs_bvt057
BVTs_bvt058
BVTs_bvt062
BVTs_bvt064
BVTs_bvt067
BVTs_bvt075
BVTs_bvt081
BVTs_bvt086
BVTs_bvt095
BVTs_bvt099
ConflictResolution__77619
ConflictResolution__77621
ConflictResolution__77622
ConflictResolution__77781
ConflictResolution__77782
ConflictResolution__77783
ConflictResolution__77802
ConflictResolution__77833
ConflictResolution__77847
ConflictResolution__77870
ConflictResolution__77871
ConflictResolution__84476
Copying__84388
Copying__84389
FormatNumber_DecimalFormatZeroDigit
FormatNumber_DecimalFormatZeroDigit1
FormatNumber_DecimalFormatZeroDigit2
Keys__91690
Keys__91726
Keys__91727
Keys__91730
Keys__91832
Keys__91833
Keys__91834
Keys_PerfRepro2
Miscellaneous__84002
Miscellaneous__84039
Miscellaneous__84435
NamedTemplates__84037
NamedTemplates__84043
Namespace__77655
Namespace__77701
Namespace__77703
Namespace__77704
Namespace__84474
Namespace_CheckXmlnsResetOnResultTree
Namespace_XPath_CopyNamespaceNodeToOutput
Namespace_XPath_DefaultNamespace
Namespace_XPath_PredefinedPrefix_XMLNS
Namespace_XPath_SameQuery_DiffNamespace
Number__10052
Number__10053
Number__91022
Number__91026
Number__91027
Number__91028
Number__91029
Number_NaNOrInvalidValue
Number_ValueAsEmptyNodeset
Output__77929
Output__84143
Output__84144
Output__84145
Output__84146
Output__84147
Output__84155
Output__84161
Output__84162
Output__84165
Output__84259
Output__84261
Output__84262
Output__84263
Output__84266
Output__84267
Output__84268
Output__84269
Output__84273
Output__84274
Output__84275
Output__84276
Output__84279
Output__84281
Output__84283
Output__84284
Output__84288
Output__84290
Output__84292
Output__84295
Output__84309
Output__84374
Output__84452
Output__84453
Output__84454
Output__84455
Output__84456
Output__84457
Output__84458
Output__84459
Output__84460
Output__84461
Output__84462
Output__84619
Output__84620
Output__84624
Output__84626
Output_Html_Op_Href_Attr_non_ascii_value
Output_HtmlOutputWithLessThanInAttribute
Output_MethodEqualsHtmlWithoutIndentSet
ProcessingInstruction__78201
Sorting__77539
Sorting__77977
Sorting__81711
Sorting__81712
Sorting__81719
Sorting__89758
Sorting__91689
Sorting__91691
Sorting__91693
Sorting__91695
Sorting__91698
Sorting__91699
Sorting__91701
Sorting__91752
Sorting__91753
Sorting_Sort_PositiveNumbersHavePlusSign
Sorting_SortExprWithCurrentInsideForEach1
Sorting_TurkishISortingTest
Template_DocumentFNTakesStringParam
Template_MatchFirstElementBelowDocRootWithExpression
Text__78242
Text__78273
Text__78274
Text__78275
Text__78276
Text__78281
Text__91137
Variables__84636
Variables__84709
Whitespaces__91221
Whitespaces__91225
Whitespaces__91421
Whitespaces__91422
Whitespaces__91423
Whitespaces__91424
XSLTFunctions__84048
XSLTFunctions__84049
XSLTFunctions__84050
XSLTFunctions__defaultPattern
XSLTFunctions__EuropeanPattern
XSLTFunctions__Non_DigitPattern
XSLTFunctions__Pattern-separator
XSLTFunctions__percentPattern
XSLTFunctions_Document
XSLTFunctions_DocumentFunctionNoArg
XSLTFunctions_DocumentInUnion
XSLTFunctions_DocumentInUnionWithDuplicateNodes
XSLTFunctions_ElementAvailFunctionTrueTest
XSLTFunctions_Bug76054
XSLTFunctions_Bug76984
XSLTFunctions_DocumentFuncWithEmptyArg
