System.Exception: Stacktrace with 1 frame
  at StackTraceDumper.Main () in mcs/tools/mono-symbolicate/Test/StackTraceDumper.cs:11
Stacktrace:
  at StackTraceDumper.Main () in mcs/tools/mono-symbolicate/Test/StackTraceDumper.cs:11

System.Exception: Stacktrace with 2 frames
  at StackTraceDumper+<>c.<Main>b__0_0 () in mcs/tools/mono-symbolicate/Test/StackTraceDumper.cs:18
  at StackTraceDumper.Catch (System.Action action) in mcs/tools/mono-symbolicate/Test/StackTraceDumper.cs:78
Stacktrace:
  at StackTraceDumper+<>c.<Main>b__0_0 () in mcs/tools/mono-symbolicate/Test/StackTraceDumper.cs:18
  at StackTraceDumper.Catch (System.Action action) in mcs/tools/mono-symbolicate/Test/StackTraceDumper.cs:78

System.Exception: Stacktrace with 3 frames
  at StackTraceDumper.ThrowException (System.String message, System.Int32 i) in mcs/tools/mono-symbolicate/Test/StackTraceDumper.cs:102
  at StackTraceDumper+<>c.<Main>b__0_1 () in mcs/tools/mono-symbolicate/Test/StackTraceDumper.cs:20
  at StackTraceDumper.Catch (System.Action action) in mcs/tools/mono-symbolicate/Test/StackTraceDumper.cs:78
Stacktrace:
  at StackTraceDumper.ThrowException (System.String message, System.Int32 i) in mcs/tools/mono-symbolicate/Test/StackTraceDumper.cs:102
  at StackTraceDumper+<>c.<Main>b__0_1 () in mcs/tools/mono-symbolicate/Test/StackTraceDumper.cs:20
  at StackTraceDumper.Catch (System.Action action) in mcs/tools/mono-symbolicate/Test/StackTraceDumper.cs:78

System.Exception: Stacktrace with 4 frames
  at StackTraceDumper.ThrowException (System.String message, System.Int32 i) in mcs/tools/mono-symbolicate/Test/StackTraceDumper.cs:102
  at StackTraceDumper.ThrowException (System.String message, System.Int32 i) in mcs/tools/mono-symbolicate/Test/StackTraceDumper.cs:100
  at StackTraceDumper+<>c.<Main>b__0_2 () in mcs/tools/mono-symbolicate/Test/StackTraceDumper.cs:22
  at StackTraceDumper.Catch (System.Action action) in mcs/tools/mono-symbolicate/Test/StackTraceDumper.cs:78
Stacktrace:
  at StackTraceDumper.ThrowException (System.String message, System.Int32 i) in mcs/tools/mono-symbolicate/Test/StackTraceDumper.cs:102
  at StackTraceDumper.ThrowException (System.String message, System.Int32 i) in mcs/tools/mono-symbolicate/Test/StackTraceDumper.cs:100
  at StackTraceDumper+<>c.<Main>b__0_2 () in mcs/tools/mono-symbolicate/Test/StackTraceDumper.cs:22
  at StackTraceDumper.Catch (System.Action action) in mcs/tools/mono-symbolicate/Test/StackTraceDumper.cs:78

System.Exception: Stack frame with method overload using ref parameter
  at StackTraceDumper.ThrowException (System.String& message) in mcs/tools/mono-symbolicate/Test/StackTraceDumper.cs:94
  at StackTraceDumper+<>c.<Main>b__0_3 () in mcs/tools/mono-symbolicate/Test/StackTraceDumper.cs:26
  at StackTraceDumper.Catch (System.Action action) in mcs/tools/mono-symbolicate/Test/StackTraceDumper.cs:78
Stacktrace:
  at StackTraceDumper.ThrowException (System.String& message) in mcs/tools/mono-symbolicate/Test/StackTraceDumper.cs:94
  at StackTraceDumper+<>c.<Main>b__0_3 () in mcs/tools/mono-symbolicate/Test/StackTraceDumper.cs:26
  at StackTraceDumper.Catch (System.Action action) in mcs/tools/mono-symbolicate/Test/StackTraceDumper.cs:78

System.Exception: Stack frame with method overload using out parameter
  at StackTraceDumper.ThrowException (System.String message, System.Int32& o) in mcs/tools/mono-symbolicate/Test/StackTraceDumper.cs:107
  at StackTraceDumper+<>c.<Main>b__0_4 () in mcs/tools/mono-symbolicate/Test/StackTraceDumper.cs:31
  at StackTraceDumper.Catch (System.Action action) in mcs/tools/mono-symbolicate/Test/StackTraceDumper.cs:78
Stacktrace:
  at StackTraceDumper.ThrowException (System.String message, System.Int32& o) in mcs/tools/mono-symbolicate/Test/StackTraceDumper.cs:107
  at StackTraceDumper+<>c.<Main>b__0_4 () in mcs/tools/mono-symbolicate/Test/StackTraceDumper.cs:31
  at StackTraceDumper.Catch (System.Action action) in mcs/tools/mono-symbolicate/Test/StackTraceDumper.cs:78

System.Exception: Stack frame with 1 generic parameter
  at StackTraceDumper.ThrowExceptionGeneric[T] (System.String message) in mcs/tools/mono-symbolicate/Test/StackTraceDumper.cs:112
  at StackTraceDumper+<>c.<Main>b__0_5 () in mcs/tools/mono-symbolicate/Test/StackTraceDumper.cs:34
  at StackTraceDumper.Catch (System.Action action) in mcs/tools/mono-symbolicate/Test/StackTraceDumper.cs:78
Stacktrace:
  at StackTraceDumper.ThrowExceptionGeneric[T] (System.String message) in mcs/tools/mono-symbolicate/Test/StackTraceDumper.cs:112
  at StackTraceDumper+<>c.<Main>b__0_5 () in mcs/tools/mono-symbolicate/Test/StackTraceDumper.cs:34
  at StackTraceDumper.Catch (System.Action action) in mcs/tools/mono-symbolicate/Test/StackTraceDumper.cs:78

System.Exception: Stack frame with 2 generic parameters
  at StackTraceDumper.ThrowExceptionGeneric[T1,T2] (System.String message) in mcs/tools/mono-symbolicate/Test/StackTraceDumper.cs:132
  at StackTraceDumper+<>c.<Main>b__0_6 () in mcs/tools/mono-symbolicate/Test/StackTraceDumper.cs:36
  at StackTraceDumper.Catch (System.Action action) in mcs/tools/mono-symbolicate/Test/StackTraceDumper.cs:78
Stacktrace:
  at StackTraceDumper.ThrowExceptionGeneric[T1,T2] (System.String message) in mcs/tools/mono-symbolicate/Test/StackTraceDumper.cs:132
  at StackTraceDumper+<>c.<Main>b__0_6 () in mcs/tools/mono-symbolicate/Test/StackTraceDumper.cs:36
  at StackTraceDumper.Catch (System.Action action) in mcs/tools/mono-symbolicate/Test/StackTraceDumper.cs:78

System.Exception: Stack frame with generic method overload
  at StackTraceDumper.ThrowExceptionGeneric[T] (T a1) in mcs/tools/mono-symbolicate/Test/StackTraceDumper.cs:117
  at StackTraceDumper+<>c.<Main>b__0_7 () in mcs/tools/mono-symbolicate/Test/StackTraceDumper.cs:38
  at StackTraceDumper.Catch (System.Action action) in mcs/tools/mono-symbolicate/Test/StackTraceDumper.cs:78
Stacktrace:
  at StackTraceDumper.ThrowExceptionGeneric[T] (T a1) in mcs/tools/mono-symbolicate/Test/StackTraceDumper.cs:117
  at StackTraceDumper+<>c.<Main>b__0_7 () in mcs/tools/mono-symbolicate/Test/StackTraceDumper.cs:38
  at StackTraceDumper.Catch (System.Action action) in mcs/tools/mono-symbolicate/Test/StackTraceDumper.cs:78

System.Exception: Stack trace with inner class
  at StackTraceDumper+InnerClass.ThrowException (System.String message) in mcs/tools/mono-symbolicate/Test/StackTraceDumper.cs:151
  at StackTraceDumper+<>c.<Main>b__0_8 () in mcs/tools/mono-symbolicate/Test/StackTraceDumper.cs:40
  at StackTraceDumper.Catch (System.Action action) in mcs/tools/mono-symbolicate/Test/StackTraceDumper.cs:78
Stacktrace:
  at StackTraceDumper+InnerClass.ThrowException (System.String message) in mcs/tools/mono-symbolicate/Test/StackTraceDumper.cs:151
  at StackTraceDumper+<>c.<Main>b__0_8 () in mcs/tools/mono-symbolicate/Test/StackTraceDumper.cs:40
  at StackTraceDumper.Catch (System.Action action) in mcs/tools/mono-symbolicate/Test/StackTraceDumper.cs:78

System.Exception: Stack trace with inner generic class
  at StackTraceDumper+InnerGenericClass`1[T].ThrowException (System.String message) in mcs/tools/mono-symbolicate/Test/StackTraceDumper.cs:158
  at StackTraceDumper+<>c.<Main>b__0_9 () in mcs/tools/mono-symbolicate/Test/StackTraceDumper.cs:42
  at StackTraceDumper.Catch (System.Action action) in mcs/tools/mono-symbolicate/Test/StackTraceDumper.cs:78
Stacktrace:
  at StackTraceDumper+InnerGenericClass`1[T].ThrowException (System.String message) in mcs/tools/mono-symbolicate/Test/StackTraceDumper.cs:158
  at StackTraceDumper+<>c.<Main>b__0_9 () in mcs/tools/mono-symbolicate/Test/StackTraceDumper.cs:42
  at StackTraceDumper.Catch (System.Action action) in mcs/tools/mono-symbolicate/Test/StackTraceDumper.cs:78
Generic to string:string

System.Exception: Stack trace with inner generic class and method generic parameter
  at StackTraceDumper+InnerGenericClass`1[T].ThrowException (System.String message, T arg) in mcs/tools/mono-symbolicate/Test/StackTraceDumper.cs:164
  at StackTraceDumper+<>c.<Main>b__0_10 () in mcs/tools/mono-symbolicate/Test/StackTraceDumper.cs:44
  at StackTraceDumper.Catch (System.Action action) in mcs/tools/mono-symbolicate/Test/StackTraceDumper.cs:78
Stacktrace:
  at StackTraceDumper+InnerGenericClass`1[T].ThrowException (System.String message, T arg) in mcs/tools/mono-symbolicate/Test/StackTraceDumper.cs:164
  at StackTraceDumper+<>c.<Main>b__0_10 () in mcs/tools/mono-symbolicate/Test/StackTraceDumper.cs:44
  at StackTraceDumper.Catch (System.Action action) in mcs/tools/mono-symbolicate/Test/StackTraceDumper.cs:78

System.Exception: Stack trace with inner generic class and generic overload
  at StackTraceDumper+InnerGenericClass`1[T].ThrowException[T1] (System.String message, T1 arg) in mcs/tools/mono-symbolicate/Test/StackTraceDumper.cs:169
  at StackTraceDumper+<>c.<Main>b__0_11 () in mcs/tools/mono-symbolicate/Test/StackTraceDumper.cs:46
  at StackTraceDumper.Catch (System.Action action) in mcs/tools/mono-symbolicate/Test/StackTraceDumper.cs:78
Stacktrace:
  at StackTraceDumper+InnerGenericClass`1[T].ThrowException[T1] (System.String message, T1 arg) in mcs/tools/mono-symbolicate/Test/StackTraceDumper.cs:169
  at StackTraceDumper+<>c.<Main>b__0_11 () in mcs/tools/mono-symbolicate/Test/StackTraceDumper.cs:46
  at StackTraceDumper.Catch (System.Action action) in mcs/tools/mono-symbolicate/Test/StackTraceDumper.cs:78

System.Exception: Stack trace with 2 inner generic class and generic overload
  at StackTraceDumper+InnerGenericClass`1+InnerInnerGenericClass`1[T,T2].ThrowException (T message) in mcs/tools/mono-symbolicate/Test/StackTraceDumper.cs:180
  at StackTraceDumper+<>c.<Main>b__0_12 () in mcs/tools/mono-symbolicate/Test/StackTraceDumper.cs:48
  at StackTraceDumper.Catch (System.Action action) in mcs/tools/mono-symbolicate/Test/StackTraceDumper.cs:78
Stacktrace:
  at StackTraceDumper+InnerGenericClass`1+InnerInnerGenericClass`1[T,T2].ThrowException (T message) in mcs/tools/mono-symbolicate/Test/StackTraceDumper.cs:180
  at StackTraceDumper+<>c.<Main>b__0_12 () in mcs/tools/mono-symbolicate/Test/StackTraceDumper.cs:48
  at StackTraceDumper.Catch (System.Action action) in mcs/tools/mono-symbolicate/Test/StackTraceDumper.cs:78

System.Exception: Stack trace with 2 inner generic class and generic overload
  at StackTraceDumper+InnerGenericClass`1+InnerInnerGenericClass`1[T,T2].ThrowException (T2 message) in mcs/tools/mono-symbolicate/Test/StackTraceDumper.cs:185
  at StackTraceDumper+<>c.<Main>b__0_13 () in mcs/tools/mono-symbolicate/Test/StackTraceDumper.cs:50
  at StackTraceDumper.Catch (System.Action action) in mcs/tools/mono-symbolicate/Test/StackTraceDumper.cs:78
Stacktrace:
  at StackTraceDumper+InnerGenericClass`1+InnerInnerGenericClass`1[T,T2].ThrowException (T2 message) in mcs/tools/mono-symbolicate/Test/StackTraceDumper.cs:185
  at StackTraceDumper+<>c.<Main>b__0_13 () in mcs/tools/mono-symbolicate/Test/StackTraceDumper.cs:50
  at StackTraceDumper.Catch (System.Action action) in mcs/tools/mono-symbolicate/Test/StackTraceDumper.cs:78

System.Exception: Stack trace with nested type argument
  at StackTraceDumper+InnerGenericClass`1[T].ThrowException[T1] (System.String message, T1 arg, StackTraceDumper+InnerGenericClass`1[T] _ignore) in mcs/tools/mono-symbolicate/Test/StackTraceDumper.cs:174
  at StackTraceDumper+<>c.<Main>b__0_14 () in mcs/tools/mono-symbolicate/Test/StackTraceDumper.cs:52
  at StackTraceDumper.Catch (System.Action action) in mcs/tools/mono-symbolicate/Test/StackTraceDumper.cs:78
Stacktrace:
  at StackTraceDumper+InnerGenericClass`1[T].ThrowException[T1] (System.String message, T1 arg, StackTraceDumper+InnerGenericClass`1[T] _ignore) in mcs/tools/mono-symbolicate/Test/StackTraceDumper.cs:174
  at StackTraceDumper+<>c.<Main>b__0_14 () in mcs/tools/mono-symbolicate/Test/StackTraceDumper.cs:52
  at StackTraceDumper.Catch (System.Action action) in mcs/tools/mono-symbolicate/Test/StackTraceDumper.cs:78

System.ArgumentNullException: Value cannot be null.
Parameter name: key
  at System.Collections.Generic.Dictionary`2[TKey,TValue].FindEntry (TKey key) in external/corefx/src/Common/src/CoreLib/System/Collections/Generic/Dictionary.cs:380
  at System.Collections.Generic.Dictionary`2[TKey,TValue].ContainsKey (TKey key) in external/corefx/src/Common/src/CoreLib/System/Collections/Generic/Dictionary.cs:286
  at StackTraceDumper+<>c.<Main>b__0_15 () in mcs/tools/mono-symbolicate/Test/StackTraceDumper.cs:56
  at StackTraceDumper.Catch (System.Action action) in mcs/tools/mono-symbolicate/Test/StackTraceDumper.cs:78
Stacktrace:
  at System.Collections.Generic.Dictionary`2[TKey,TValue].FindEntry (TKey key) in external/corefx/src/Common/src/CoreLib/System/Collections/Generic/Dictionary.cs:380
  at System.Collections.Generic.Dictionary`2[TKey,TValue].ContainsKey (TKey key) in external/corefx/src/Common/src/CoreLib/System/Collections/Generic/Dictionary.cs:286
  at StackTraceDumper+<>c.<Main>b__0_15 () in mcs/tools/mono-symbolicate/Test/StackTraceDumper.cs:56
  at StackTraceDumper.Catch (System.Action action) in mcs/tools/mono-symbolicate/Test/StackTraceDumper.cs:78

System.AggregateException: One or more errors occurred. (Error in the application.) ---> System.ApplicationException: Error in the application.
  at StackTraceDumper.TestAsync () in mcs/tools/mono-symbolicate/Test/StackTraceDumper.cs:138
   --- End of inner exception stack trace ---
  at System.Threading.Tasks.Task.ThrowIfExceptional (System.Boolean includeTaskCanceledExceptions) in external/corert/src/System.Private.CoreLib/src/System/Threading/Tasks/Task.cs:2027
  at System.Threading.Tasks.Task.Wait (System.Int32 millisecondsTimeout, System.Threading.CancellationToken cancellationToken) in external/corert/src/System.Private.CoreLib/src/System/Threading/Tasks/Task.cs:2759
  at System.Threading.Tasks.Task.Wait () in external/corert/src/System.Private.CoreLib/src/System/Threading/Tasks/Task.cs:2625
  at StackTraceDumper+<>c.<Main>b__0_16 () in mcs/tools/mono-symbolicate/Test/StackTraceDumper.cs:59
  at StackTraceDumper.Catch (System.Action action) in mcs/tools/mono-symbolicate/Test/StackTraceDumper.cs:78
---> (Inner Exception #0) System.ApplicationException: Error in the application.
  at StackTraceDumper.TestAsync () in mcs/tools/mono-symbolicate/Test/StackTraceDumper.cs:138

Stacktrace:
  at System.Threading.Tasks.Task.ThrowIfExceptional (System.Boolean includeTaskCanceledExceptions) in external/corert/src/System.Private.CoreLib/src/System/Threading/Tasks/Task.cs:2027
  at System.Threading.Tasks.Task.Wait (System.Int32 millisecondsTimeout, System.Threading.CancellationToken cancellationToken) in external/corert/src/System.Private.CoreLib/src/System/Threading/Tasks/Task.cs:2759
  at System.Threading.Tasks.Task.Wait () in external/corert/src/System.Private.CoreLib/src/System/Threading/Tasks/Task.cs:2625
  at StackTraceDumper+<>c.<Main>b__0_16 () in mcs/tools/mono-symbolicate/Test/StackTraceDumper.cs:59
  at StackTraceDumper.Catch (System.Action action) in mcs/tools/mono-symbolicate/Test/StackTraceDumper.cs:78

System.ApplicationException: Error in the application.
  at StackTraceDumper+<TestIterator>d__12.MoveNext () in mcs/tools/mono-symbolicate/Test/StackTraceDumper.cs:145
  at System.Collections.Generic.LargeArrayBuilder`1[T].AddRange (System.Collections.Generic.IEnumerable`1[T] items) in external/corefx/src/Common/src/System/Collections/Generic/LargeArrayBuilder.cs:172
  at System.Collections.Generic.EnumerableHelpers.ToArray[T] (System.Collections.Generic.IEnumerable`1[T] source) in external/corefx/src/Common/src/System/Collections/Generic/EnumerableHelpers.cs:84
  at System.Linq.Enumerable.ToArray[TSource] (System.Collections.Generic.IEnumerable`1[T] source) in external/corefx/src/System.Linq/src/System/Linq/ToCollection.cs:18
  at StackTraceDumper+<>c.<Main>b__0_17 () in mcs/tools/mono-symbolicate/Test/StackTraceDumper.cs:61
  at StackTraceDumper.Catch (System.Action action) in mcs/tools/mono-symbolicate/Test/StackTraceDumper.cs:78
Stacktrace:
  at StackTraceDumper+<TestIterator>d__12.MoveNext () in mcs/tools/mono-symbolicate/Test/StackTraceDumper.cs:145
  at System.Collections.Generic.LargeArrayBuilder`1[T].AddRange (System.Collections.Generic.IEnumerable`1[T] items) in external/corefx/src/Common/src/System/Collections/Generic/LargeArrayBuilder.cs:172
  at System.Collections.Generic.EnumerableHelpers.ToArray[T] (System.Collections.Generic.IEnumerable`1[T] source) in external/corefx/src/Common/src/System/Collections/Generic/EnumerableHelpers.cs:84
  at System.Linq.Enumerable.ToArray[TSource] (System.Collections.Generic.IEnumerable`1[T] source) in external/corefx/src/System.Linq/src/System/Linq/ToCollection.cs:18
  at StackTraceDumper+<>c.<Main>b__0_17 () in mcs/tools/mono-symbolicate/Test/StackTraceDumper.cs:61
  at StackTraceDumper.Catch (System.Action action) in mcs/tools/mono-symbolicate/Test/StackTraceDumper.cs:78
